*** New build: {2023-05-15 12:01:06} ***
scons: done reading SConscript files.
scons: Building targets ...
build_python(["datastore/raw/cr-bound/link_list.csv", "datastore/raw/cr-bound/GPO*.pdf"], ["source/derived/scrape_bound.py"])
scons: *** [datastore/raw/cr-bound/link_list.csv] ExecCallError : Python did not run successfully. Please check that the executable, source, and target files are correctly specified. Check datastore/raw/cr-bound/sconscript.log and sconstruct.log for errors. 
Command tried: "python"  source/derived/scrape_bound.py  > datastore/raw/cr-bound/sconscript.log
Traceback (most recent call last):
  File "/Users/AndrewKao/Documents/Grad/staffers/CongressText/source/derived/scrape_bound.py", line 3, in <module>
    from selenium.webdriver import Chrome
ModuleNotFoundError: No module named 'selenium'

Traceback (most recent call last):
  File "/Users/AndrewKao/opt/miniconda3/envs/pDL/lib/python3.9/site-packages/SCons/Action.py", line 1310, in execute
    result = self.execfunction(target=target, source=rsources, env=env)
  File "/Users/AndrewKao/Documents/Grad/staffers/CongressText/source/lib/JMSLab/builders/build_python.py", line 28, in build_python
    builder.execute_system_call()
  File "/Users/AndrewKao/Documents/Grad/staffers/CongressText/source/lib/JMSLab/builders/jmslab_builder.py", line 120, in execute_system_call
    self.do_call()
  File "/Users/AndrewKao/Documents/Grad/staffers/CongressText/source/lib/JMSLab/builders/jmslab_builder.py", line 159, in do_call
    self.raise_system_call_exception(traceback = traceback)
  File "/Users/AndrewKao/Documents/Grad/staffers/CongressText/source/lib/JMSLab/builders/jmslab_builder.py", line 186, in raise_system_call_exception
    raise ExecCallError(message)
source.lib.JMSLab._exception_classes.ExecCallError: Python did not run successfully. Please check that the executable, source, and target files are correctly specified. Check datastore/raw/cr-bound/sconscript.log and sconstruct.log for errors. 
Command tried: "python"  source/derived/scrape_bound.py  > datastore/raw/cr-bound/sconscript.log
Traceback (most recent call last):
  File "/Users/AndrewKao/Documents/Grad/staffers/CongressText/source/derived/scrape_bound.py", line 3, in <module>
    from selenium.webdriver import Chrome
ModuleNotFoundError: No module named 'selenium'

scons: building terminated because of errors.
